17:07:13 **** Incremental Build of configuration Debug for project masb-final-project ****
make -j4 all 
arm-none-eabi-gcc "../Core/Src/components/adc.c" -mcpu=cortex-m4 -std=gnu11 -g3 -DUSE_HAL_DRIVER -DSTM32F401xE -DDEBUG -c -I../Drivers/CMSIS/Include -I../Drivers/STM32F4xx_HAL_Driver/Inc -I../Core/Inc -I../Drivers/CMSIS/Device/ST/STM32F4xx/Include -I../Drivers/STM32F4xx_HAL_Driver/Inc/Legacy -O0 -ffunction-sections -fdata-sections -Wall -fstack-usage -MMD -MP -MF"Core/Src/components/adc.d" -MT"Core/Src/components/adc.o" --specs=nano.specs -mfpu=fpv4-sp-d16 -mfloat-abi=hard -mthumb -o "Core/Src/components/adc.o"
arm-none-eabi-gcc -o "masb-final-project.elf" @"objects.list"   -mcpu=cortex-m4 -T"C:\Users\Vidalbana\Desktop\Microcontroladors\mab-pot-s-la_resistencia\masb-final-project\STM32F401RETX_FLASH.ld" --specs=nosys.specs -Wl,-Map="masb-final-project.map" -Wl,--gc-sections -static --specs=nano.specs -mfpu=fpv4-sp-d16 -mfloat-abi=hard -mthumb -Wl,--start-group -lc -lm -Wl,--end-group
Finished building target: masb-final-project.elf
 
arm-none-eabi-size   masb-final-project.elf 
arm-none-eabi-objdump -h -S  masb-final-project.elf  > "masb-final-project.list"
arm-none-eabi-objcopy  -O binary  masb-final-project.elf  "masb-final-project.bin"
   text	   data	    bss	    dec	    hex	filename
  10512	     20	   1788	  12320	   3020	masb-final-project.elf
Finished building: default.size.stdout
 
Finished building: masb-final-project.bin
 
Finished building: masb-final-project.list
 
