11:53:11 **** Incremental Build of configuration Debug for project masb-final-project ****
make -j4 all 
arm-none-eabi-gcc "../Core/Src/components/stm32main.c" -mcpu=cortex-m4 -std=gnu11 -g3 -DUSE_HAL_DRIVER -DSTM32F401xE -DDEBUG -c -I../Drivers/CMSIS/Include -I../Drivers/STM32F4xx_HAL_Driver/Inc -I../Core/Inc -I../Drivers/CMSIS/Device/ST/STM32F4xx/Include -I../Drivers/STM32F4xx_HAL_Driver/Inc/Legacy -O0 -ffunction-sections -fdata-sections -Wall -fstack-usage -MMD -MP -MF"Core/Src/components/stm32main.d" -MT"Core/Src/components/stm32main.o" --specs=nano.specs -mfpu=fpv4-sp-d16 -mfloat-abi=hard -mthumb -o "Core/Src/components/stm32main.o"
arm-none-eabi-gcc -o "masb-final-project.elf" @"objects.list"   -mcpu=cortex-m4 -T"C:\Users\user\Desktop\microcontroladors\mab-pot-s-la_resistencia\masb-final-project\STM32F401RETX_FLASH.ld" --specs=nosys.specs -Wl,-Map="masb-final-project.map" -Wl,--gc-sections -static --specs=nano.specs -mfpu=fpv4-sp-d16 -mfloat-abi=hard -mthumb -Wl,--start-group -lc -lm -Wl,--end-group
c:\st\stm32cubeide_1.3.0\stm32cubeide\plugins\com.st.stm32cube.ide.mcu.externaltools.gnu-tools-for-stm32.7-2018-q2-update.win32_1.0.0.201904181610\tools\arm-none-eabi\bin\ld.exe: Warning: alignment 4 of symbol `Vcell' in Core/Src/components/adc.o is smaller than 8 in Core/Src/components/chronoamperometry.o
c:\st\stm32cubeide_1.3.0\stm32cubeide\plugins\com.st.stm32cube.ide.mcu.externaltools.gnu-tools-for-stm32.7-2018-q2-update.win32_1.0.0.201904181610\tools\arm-none-eabi\bin\ld.exe: Warning: alignment 4 of symbol `Vcell' in Core/Src/components/adc.o is smaller than 8 in Core/Src/components/cyclic_voltammetry.o
c:\st\stm32cubeide_1.3.0\stm32cubeide\plugins\com.st.stm32cube.ide.mcu.externaltools.gnu-tools-for-stm32.7-2018-q2-update.win32_1.0.0.201904181610\tools\arm-none-eabi\bin\ld.exe: Warning: alignment 4 of symbol `Vcell' in Core/Src/components/adc.o is smaller than 8 in Core/Src/components/masb_comm_s.o
c:\st\stm32cubeide_1.3.0\stm32cubeide\plugins\com.st.stm32cube.ide.mcu.externaltools.gnu-tools-for-stm32.7-2018-q2-update.win32_1.0.0.201904181610\tools\arm-none-eabi\bin\ld.exe: Warning: alignment 4 of symbol `Vcell' in Core/Src/components/adc.o is smaller than 8 in Core/Src/components/stm32main.o
c:\st\stm32cubeide_1.3.0\stm32cubeide\plugins\com.st.stm32cube.ide.mcu.externaltools.gnu-tools-for-stm32.7-2018-q2-update.win32_1.0.0.201904181610\tools\arm-none-eabi\bin\ld.exe: Warning: alignment 4 of symbol `Vcell' in Core/Src/components/adc.o is smaller than 8 in Core/Src/components/timers.o
Finished building target: masb-final-project.elf
 
arm-none-eabi-objdump -h -S  masb-final-project.elf  > "masb-final-project.list"
arm-none-eabi-objcopy  -O binary  masb-final-project.elf  "masb-final-project.bin"
arm-none-eabi-size   masb-final-project.elf 
   text	   data	    bss	    dec	    hex	filename
  21860	     20	   2256	  24136	   5e48	masb-final-project.elf
Finished building: default.size.stdout
 
Finished building: masb-final-project.bin
 
Finished building: masb-final-project.list
 

11:53:15 Build Finished. 0 errors, 0 warnings. (took 4s.226ms)

